<?xml version="1.0" encoding="UTF-8" ?>
<testsuites name="vitest tests" tests="34" failures="0" errors="0" time="0.094990876">
    <testsuite name="src/vite-plugin-replace/vite-plugin-replace.spec.ts" timestamp="2025-03-21T09:22:38.114Z" hostname="mikes-mdb.fritz.box" tests="3" failures="0" errors="0" skipped="0" time="0.001924334">
        <testcase classname="src/vite-plugin-replace/vite-plugin-replace.spec.ts" name="vitePluginReplace &gt; should replace version in .vue files" time="0.000926875">
        </testcase>
        <testcase classname="src/vite-plugin-replace/vite-plugin-replace.spec.ts" name="vitePluginReplace &gt; should not replace base-path in unmatching .ts files" time="0.000166833">
        </testcase>
        <testcase classname="src/vite-plugin-replace/vite-plugin-replace.spec.ts" name="vitePluginReplace &gt; should replace base-path in matching .ts files" time="0.000184375">
        </testcase>
    </testsuite>
    <testsuite name="src/components/ActionBar/ActionBar.spec.ts" timestamp="2025-03-21T09:22:38.116Z" hostname="mikes-mdb.fritz.box" tests="1" failures="0" errors="0" skipped="0" time="0.010383084">
        <testcase classname="src/components/ActionBar/ActionBar.spec.ts" name="components/ActionBar &gt; should render" time="0.009927333">
        </testcase>
    </testsuite>
    <testsuite name="src/components/BorderWrapper/BorderWrapper.spec.ts" timestamp="2025-03-21T09:22:38.117Z" hostname="mikes-mdb.fritz.box" tests="2" failures="0" errors="0" skipped="0" time="0.016423959">
        <testcase classname="src/components/BorderWrapper/BorderWrapper.spec.ts" name="components/BorderWrapper &gt; should render" time="0.009963833">
        </testcase>
        <testcase classname="src/components/BorderWrapper/BorderWrapper.spec.ts" name="components/BorderWrapper &gt; should render without child" time="0.005917875">
        </testcase>
    </testsuite>
    <testsuite name="src/components/StatsViz/StatsViz.spec.ts" timestamp="2025-03-21T09:22:38.119Z" hostname="mikes-mdb.fritz.box" tests="3" failures="0" errors="0" skipped="0" time="0.017682083">
        <testcase classname="src/components/StatsViz/StatsViz.spec.ts" name="components/StatsViz &gt; should render" time="0.010884209">
        </testcase>
        <testcase classname="src/components/StatsViz/StatsViz.spec.ts" name="components/StatsViz &gt; should render max ranges" time="0.003631041">
        </testcase>
        <testcase classname="src/components/StatsViz/StatsViz.spec.ts" name="components/StatsViz &gt; should render min ranges" time="0.002377791">
        </testcase>
    </testsuite>
    <testsuite name="src/components/TamiExpression/TamiExpression.spec.ts" timestamp="2025-03-21T09:22:38.121Z" hostname="mikes-mdb.fritz.box" tests="7" failures="0" errors="0" skipped="0" time="0.025077291">
        <testcase classname="src/components/TamiExpression/TamiExpression.spec.ts" name="components/TamiExpression &gt; should render mood: TIRED" time="0.009088875">
        </testcase>
        <testcase classname="src/components/TamiExpression/TamiExpression.spec.ts" name="components/TamiExpression &gt; should render mood: VERY_HUNGRY" time="0.004768958">
        </testcase>
        <testcase classname="src/components/TamiExpression/TamiExpression.spec.ts" name="components/TamiExpression &gt; should render mood: TIRED" time="0.002717125">
        </testcase>
        <testcase classname="src/components/TamiExpression/TamiExpression.spec.ts" name="components/TamiExpression &gt; should render mood: HUNGRY" time="0.002173333">
        </testcase>
        <testcase classname="src/components/TamiExpression/TamiExpression.spec.ts" name="components/TamiExpression &gt; should render mood: SUPER_HAPPY" time="0.002680417">
        </testcase>
        <testcase classname="src/components/TamiExpression/TamiExpression.spec.ts" name="components/TamiExpression &gt; should render mood: HAPPY" time="0.001348542">
        </testcase>
        <testcase classname="src/components/TamiExpression/TamiExpression.spec.ts" name="components/TamiExpression &gt; should render mood: HAPPY" time="0.001491125">
        </testcase>
    </testsuite>
    <testsuite name="src/composables/useMood/useMood.spec.ts" timestamp="2025-03-21T09:22:38.129Z" hostname="mikes-mdb.fritz.box" tests="6" failures="0" errors="0" skipped="0" time="0.003272542">
        <testcase classname="src/composables/useMood/useMood.spec.ts" name="composables/useMood &gt; should assert initial values" time="0.001062292">
        </testcase>
        <testcase classname="src/composables/useMood/useMood.spec.ts" name="composables/useMood &gt; should set initial values" time="0.0003805">
        </testcase>
        <testcase classname="src/composables/useMood/useMood.spec.ts" name="composables/useMood &gt; handle doAction &gt; should change handle FEED" time="0.000465792">
        </testcase>
        <testcase classname="src/composables/useMood/useMood.spec.ts" name="composables/useMood &gt; handle doAction &gt; should change handle PLAY" time="0.000345292">
        </testcase>
        <testcase classname="src/composables/useMood/useMood.spec.ts" name="composables/useMood &gt; handle doAction &gt; should change handle SLEEP" time="0.000141958">
        </testcase>
        <testcase classname="src/composables/useMood/useMood.spec.ts" name="composables/useMood &gt; handle doAction &gt; should change handle NOTHING" time="0.000143125">
        </testcase>
    </testsuite>
    <testsuite name="src/composables/useRenderMood/useRenderMood.spec.ts" timestamp="2025-03-21T09:22:38.135Z" hostname="mikes-mdb.fritz.box" tests="7" failures="0" errors="0" skipped="0" time="0.003932208">
        <testcase classname="src/composables/useRenderMood/useRenderMood.spec.ts" name="composables/useRenderMood &gt; should render mood: TIRED" time="0.002236167">
        </testcase>
        <testcase classname="src/composables/useRenderMood/useRenderMood.spec.ts" name="composables/useRenderMood &gt; should render mood: VERY_HUNGRY" time="0.000298208">
        </testcase>
        <testcase classname="src/composables/useRenderMood/useRenderMood.spec.ts" name="composables/useRenderMood &gt; should render mood: TIRED" time="0.000200375">
        </testcase>
        <testcase classname="src/composables/useRenderMood/useRenderMood.spec.ts" name="composables/useRenderMood &gt; should render mood: HUNGRY" time="0.000143167">
        </testcase>
        <testcase classname="src/composables/useRenderMood/useRenderMood.spec.ts" name="composables/useRenderMood &gt; should render mood: SUPER_HAPPY" time="0.000085875">
        </testcase>
        <testcase classname="src/composables/useRenderMood/useRenderMood.spec.ts" name="composables/useRenderMood &gt; should render mood: HAPPY" time="0.000089083">
        </testcase>
        <testcase classname="src/composables/useRenderMood/useRenderMood.spec.ts" name="composables/useRenderMood &gt; should render mood: HAPPY" time="0.0000665">
        </testcase>
    </testsuite>
    <testsuite name="src/composables/useRenderStats/useRenderStats.spec.ts" timestamp="2025-03-21T09:22:38.137Z" hostname="mikes-mdb.fritz.box" tests="3" failures="0" errors="0" skipped="0" time="0.014180875">
        <testcase classname="src/composables/useRenderStats/useRenderStats.spec.ts" name="composables/useRenderStats &gt; should render stats: 0" time="0.001716125">
        </testcase>
        <testcase classname="src/composables/useRenderStats/useRenderStats.spec.ts" name="composables/useRenderStats &gt; should render stats: 1" time="0.000351917">
        </testcase>
        <testcase classname="src/composables/useRenderStats/useRenderStats.spec.ts" name="composables/useRenderStats &gt; should render stats: 2" time="0.011455667">
        </testcase>
    </testsuite>
    <testsuite name="src/composables/utils/restrictRanges.spec.ts" timestamp="2025-03-21T09:22:38.138Z" hostname="mikes-mdb.fritz.box" tests="2" failures="0" errors="0" skipped="0" time="0.0021145">
        <testcase classname="src/composables/utils/restrictRanges.spec.ts" name="composables/utils/restrictRanges &gt; should not change the value" time="0.000973833">
        </testcase>
        <testcase classname="src/composables/utils/restrictRanges.spec.ts" name="composables/utils/restrictRanges &gt; should change the values according to the limits" time="0.000488042">
        </testcase>
    </testsuite>
</testsuites>
